---
source: crates/dashboard/tests/sql_snapshots.rs
expression: "sql::rate_5m_total(\"^cpu_usage$\")"
---
WITH unp AS (
              UNPIVOT (SELECT timestamp, COLUMNS('^cpu_usage$') FROM _src)
                  ON COLUMNS('^cpu_usage$')
                  INTO NAME col VALUE v
           ),
           per_pair AS (
              SELECT timestamp, col,
                     CASE
                         WHEN LAG(v) OVER w IS NULL THEN 0::DOUBLE
                         WHEN v >= LAG(v) OVER w THEN (v - LAG(v) OVER w)::DOUBLE
                         ELSE v::DOUBLE
                     END AS inc
              FROM unp
              WINDOW w AS (PARTITION BY col ORDER BY timestamp)
           ),
           row_sum AS (
              SELECT timestamp, SUM(inc) AS s_inc
              FROM per_pair
              GROUP BY timestamp
           )
           SELECT timestamp::DOUBLE/1e9 AS t,
                  -- PromQL `rate(c[5m])` walks pairs in samples[lo..hi]
                  -- and sums `windows(2)` increments — that's hi-lo-1
                  -- pairs. The boundary-crossing increment (between the
                  -- sample just before `lo` and `lo` itself) is NOT
                  -- counted. SUM(s_inc) OVER wr includes that crossing
                  -- increment via LAG over the full partition; subtract
                  -- FIRST_VALUE(s_inc) to drop it. See
                  -- metriken-query/src/promql/streaming/rate.rs:CounterRate.
                  --
                  -- One residual: PromQL's eval point can carry a
                  -- sub-second offset (start_ns of the parquet's first
                  -- raw timestamp), so its window_start sits at e.g.
                  -- 638.0007 — strictly greater than the snapped 638e9
                  -- sample and so excludes it. SQL's window starts at
                  -- 638e9 exactly and INCLUDES that sample. On parquets
                  -- where this misalignment lands, the very last few
                  -- eval points show ~0.07% rate diffs. Not fixable by
                  -- tightening the RANGE bound by a small constant —
                  -- the offset varies parquet-to-parquet.
                  (SUM(s_inc) OVER wr - COALESCE(FIRST_VALUE(s_inc) OVER wr, 0))
                    / NULLIF((timestamp - MIN(timestamp) OVER wr)::DOUBLE/1e9, 0) AS v
           FROM row_sum
           WINDOW wr AS (ORDER BY timestamp RANGE BETWEEN 300000000000 PRECEDING AND CURRENT ROW)
